Archive member included because of file (symbol)

c:/winavr-20100110/bin/../lib/gcc/avr/4.3.3/avr25\libgcc.a(_mulhi3.o)
                              ./eeprom_control.o (__mulhi3)
c:/winavr-20100110/bin/../lib/gcc/avr/4.3.3/avr25\libgcc.a(_divmodsi4.o)
                              ./battery.o (__divmodsi4)
c:/winavr-20100110/bin/../lib/gcc/avr/4.3.3/avr25\libgcc.a(_exit.o)
                              c:/winavr-20100110/bin/../lib/gcc/avr/4.3.3/../../../../avr/lib/avr25/crttn85.o (exit)
c:/winavr-20100110/bin/../lib/gcc/avr/4.3.3/avr25\libgcc.a(_copy_data.o)
                              ./main.o (__do_copy_data)
c:/winavr-20100110/bin/../lib/gcc/avr/4.3.3/avr25\libgcc.a(_clear_bss.o)
                              ./eeprom_control.o (__do_clear_bss)
c:/winavr-20100110/bin/../lib/gcc/avr/4.3.3/avr25\libgcc.a(_udivmodsi4.o)
                              c:/winavr-20100110/bin/../lib/gcc/avr/4.3.3/avr25\libgcc.a(_divmodsi4.o) (__udivmodsi4)
c:/winavr-20100110/bin/../lib/gcc/avr/4.3.3/../../../../avr/lib/avr25\libc.a(itoa.o)
                              ./usi_uart.o (itoa)
c:/winavr-20100110/bin/../lib/gcc/avr/4.3.3/../../../../avr/lib/avr25\libc.a(eerd_block_attiny85.o)
                              ./eeprom_control.o (__eerd_block_tn85)
c:/winavr-20100110/bin/../lib/gcc/avr/4.3.3/../../../../avr/lib/avr25\libc.a(eerd_byte_attiny85.o)
                              ./eeprom_control.o (__eerd_byte_tn85)
c:/winavr-20100110/bin/../lib/gcc/avr/4.3.3/../../../../avr/lib/avr25\libc.a(eerd_dword_attiny85.o)
                              ./eeprom_control.o (__eerd_dword_tn85)
c:/winavr-20100110/bin/../lib/gcc/avr/4.3.3/../../../../avr/lib/avr25\libc.a(eewr_block_attiny85.o)
                              ./eeprom_control.o (__eewr_block_tn85)
c:/winavr-20100110/bin/../lib/gcc/avr/4.3.3/../../../../avr/lib/avr25\libc.a(eewr_byte_attiny85.o)
                              ./eeprom_control.o (__eewr_byte_tn85)
c:/winavr-20100110/bin/../lib/gcc/avr/4.3.3/../../../../avr/lib/avr25\libc.a(eewr_dword_attiny85.o)
                              ./eeprom_control.o (__eewr_dword_tn85)
c:/winavr-20100110/bin/../lib/gcc/avr/4.3.3/../../../../avr/lib/avr25\libc.a(eewr_word_attiny85.o)
                              c:/winavr-20100110/bin/../lib/gcc/avr/4.3.3/../../../../avr/lib/avr25\libc.a(eewr_dword_attiny85.o) (__eewr_word_tn85)
c:/winavr-20100110/bin/../lib/gcc/avr/4.3.3/../../../../avr/lib/avr25\libc.a(strrev.o)
                              c:/winavr-20100110/bin/../lib/gcc/avr/4.3.3/../../../../avr/lib/avr25\libc.a(itoa.o) (strrev)
c:/winavr-20100110/bin/../lib/gcc/avr/4.3.3/avr25\libgcc.a(_udivmodhi4.o)
                              c:/winavr-20100110/bin/../lib/gcc/avr/4.3.3/../../../../avr/lib/avr25\libc.a(itoa.o) (__udivmodhi4)

Allocating common symbols
Common symbol       size              file

battery_check_cycles
                    0x2               ./main.o
eeprom_store_cycles
                    0x2               ./main.o
current_value       0x8               ./eeprom_control.o
last_sequence_no    0x4               ./eeprom_control.o
queue_tail          0x2               ./eeprom_control.o
data_block          0xc               ./eeprom_control.o
pump_wait_cycles    0x2               ./main.o
state               0x1               ./main.o
timer_wake          0x1               ./main.o
data                0x8               ./main.o
pump_cycles         0x2               ./main.o
battery             0x2               ./main.o
battery_low         0x1               ./main.o

Memory Configuration

Name             Origin             Length             Attributes
text             0x00000000         0x00002000         xr
data             0x00800060         0x0000ffa0         rw !x
eeprom           0x00810000         0x00010000         rw !x
fuse             0x00820000         0x00000400         rw !x
lock             0x00830000         0x00000400         rw !x
signature        0x00840000         0x00000400         rw !x
*default*        0x00000000         0xffffffff

Linker script and memory map

LOAD c:/winavr-20100110/bin/../lib/gcc/avr/4.3.3/../../../../avr/lib/avr25/crttn85.o
LOAD ./battery.o
LOAD ./calibration.o
LOAD ./eeprom_control.o
LOAD ./ir_gate.o
LOAD ./main.o
LOAD ./power_control.o
LOAD ./tests.o
LOAD ./timer.o
LOAD ./usi_uart.o
LOAD c:/winavr-20100110/bin/../lib/gcc/avr/4.3.3/avr25\libgcc.a
LOAD c:/winavr-20100110/bin/../lib/gcc/avr/4.3.3/../../../../avr/lib/avr25\libc.a
LOAD c:/winavr-20100110/bin/../lib/gcc/avr/4.3.3/avr25\libgcc.a

.hash
 *(.hash)

.dynsym
 *(.dynsym)

.dynstr
 *(.dynstr)

.gnu.version
 *(.gnu.version)

.gnu.version_d
 *(.gnu.version_d)

.gnu.version_r
 *(.gnu.version_r)

.rel.init
 *(.rel.init)

.rela.init
 *(.rela.init)

.rel.text
 *(.rel.text)
 *(.rel.text.*)
 *(.rel.gnu.linkonce.t*)

.rela.text
 *(.rela.text)
 *(.rela.text.*)
 *(.rela.gnu.linkonce.t*)

.rel.fini
 *(.rel.fini)

.rela.fini
 *(.rela.fini)

.rel.rodata
 *(.rel.rodata)
 *(.rel.rodata.*)
 *(.rel.gnu.linkonce.r*)

.rela.rodata
 *(.rela.rodata)
 *(.rela.rodata.*)
 *(.rela.gnu.linkonce.r*)

.rel.data
 *(.rel.data)
 *(.rel.data.*)
 *(.rel.gnu.linkonce.d*)

.rela.data
 *(.rela.data)
 *(.rela.data.*)
 *(.rela.gnu.linkonce.d*)

.rel.ctors
 *(.rel.ctors)

.rela.ctors
 *(.rela.ctors)

.rel.dtors
 *(.rel.dtors)

.rela.dtors
 *(.rela.dtors)

.rel.got
 *(.rel.got)

.rela.got
 *(.rela.got)

.rel.bss
 *(.rel.bss)

.rela.bss
 *(.rela.bss)

.rel.plt
 *(.rel.plt)

.rela.plt
 *(.rela.plt)

.text           0x00000000      0x9d2
 *(.vectors)
 .vectors       0x00000000       0x1e c:/winavr-20100110/bin/../lib/gcc/avr/4.3.3/../../../../avr/lib/avr25/crttn85.o
                0x00000000                __vectors
                0x00000000                __vector_default
 *(.vectors)
 *(.progmem.gcc*)
 *(.progmem*)
                0x0000001e                . = ALIGN (0x2)
                0x0000001e                __trampolines_start = .
 *(.trampolines)
 .trampolines   0x0000001e        0x0 linker stubs
 *(.trampolines*)
                0x0000001e                __trampolines_end = .
 *(.jumptables)
 *(.jumptables*)
 *(.lowtext)
 *(.lowtext*)
                0x0000001e                __ctors_start = .
 *(.ctors)
                0x0000001e                __ctors_end = .
                0x0000001e                __dtors_start = .
 *(.dtors)
                0x0000001e                __dtors_end = .
 SORT(*)(.ctors)
 SORT(*)(.dtors)
 *(.init0)
 .init0         0x0000001e        0x0 c:/winavr-20100110/bin/../lib/gcc/avr/4.3.3/../../../../avr/lib/avr25/crttn85.o
                0x0000001e                __init
 *(.init0)
 *(.init1)
 *(.init1)
 *(.init2)
 .init2         0x0000001e        0xc c:/winavr-20100110/bin/../lib/gcc/avr/4.3.3/../../../../avr/lib/avr25/crttn85.o
 *(.init2)
 *(.init3)
 *(.init3)
 *(.init4)
 .init4         0x0000002a       0x16 c:/winavr-20100110/bin/../lib/gcc/avr/4.3.3/avr25\libgcc.a(_copy_data.o)
                0x0000002a                __do_copy_data
 .init4         0x00000040       0x10 c:/winavr-20100110/bin/../lib/gcc/avr/4.3.3/avr25\libgcc.a(_clear_bss.o)
                0x00000040                __do_clear_bss
 *(.init4)
 *(.init5)
 *(.init5)
 *(.init6)
 *(.init6)
 *(.init7)
 *(.init7)
 *(.init8)
 *(.init8)
 *(.init9)
 .init9         0x00000050        0x4 c:/winavr-20100110/bin/../lib/gcc/avr/4.3.3/../../../../avr/lib/avr25/crttn85.o
 *(.init9)
 *(.text)
 .text          0x00000054        0x2 c:/winavr-20100110/bin/../lib/gcc/avr/4.3.3/../../../../avr/lib/avr25/crttn85.o
                0x00000054                __vector_1
                0x00000054                __bad_interrupt
                0x00000054                __vector_6
                0x00000054                __vector_3
                0x00000054                __vector_11
                0x00000054                __vector_13
                0x00000054                __vector_7
                0x00000054                __vector_5
                0x00000054                __vector_4
                0x00000054                __vector_9
                0x00000054                __vector_2
                0x00000054                __vector_8
 .text          0x00000056        0x0 ./battery.o
 .text          0x00000056        0x0 ./calibration.o
 .text          0x00000056        0x0 ./eeprom_control.o
 .text          0x00000056        0x0 ./ir_gate.o
 .text          0x00000056        0x0 ./main.o
 .text          0x00000056        0x0 ./power_control.o
 .text          0x00000056        0x0 ./tests.o
 .text          0x00000056        0x0 ./timer.o
 .text          0x00000056        0x0 ./usi_uart.o
 .text          0x00000056        0x0 c:/winavr-20100110/bin/../lib/gcc/avr/4.3.3/avr25\libgcc.a(_mulhi3.o)
 .text          0x00000056        0x0 c:/winavr-20100110/bin/../lib/gcc/avr/4.3.3/avr25\libgcc.a(_divmodsi4.o)
 .text          0x00000056        0x0 c:/winavr-20100110/bin/../lib/gcc/avr/4.3.3/avr25\libgcc.a(_exit.o)
 .text          0x00000056        0x0 c:/winavr-20100110/bin/../lib/gcc/avr/4.3.3/avr25\libgcc.a(_copy_data.o)
 .text          0x00000056        0x0 c:/winavr-20100110/bin/../lib/gcc/avr/4.3.3/avr25\libgcc.a(_clear_bss.o)
 .text          0x00000056        0x0 c:/winavr-20100110/bin/../lib/gcc/avr/4.3.3/avr25\libgcc.a(_udivmodsi4.o)
 .text          0x00000056        0x0 c:/winavr-20100110/bin/../lib/gcc/avr/4.3.3/../../../../avr/lib/avr25\libc.a(itoa.o)
 .text          0x00000056        0x0 c:/winavr-20100110/bin/../lib/gcc/avr/4.3.3/../../../../avr/lib/avr25\libc.a(eerd_block_attiny85.o)
 .text          0x00000056        0x0 c:/winavr-20100110/bin/../lib/gcc/avr/4.3.3/../../../../avr/lib/avr25\libc.a(eerd_byte_attiny85.o)
 .text          0x00000056        0x0 c:/winavr-20100110/bin/../lib/gcc/avr/4.3.3/../../../../avr/lib/avr25\libc.a(eerd_dword_attiny85.o)
 .text          0x00000056        0x0 c:/winavr-20100110/bin/../lib/gcc/avr/4.3.3/../../../../avr/lib/avr25\libc.a(eewr_block_attiny85.o)
 .text          0x00000056        0x0 c:/winavr-20100110/bin/../lib/gcc/avr/4.3.3/../../../../avr/lib/avr25\libc.a(eewr_byte_attiny85.o)
 .text          0x00000056        0x0 c:/winavr-20100110/bin/../lib/gcc/avr/4.3.3/../../../../avr/lib/avr25\libc.a(eewr_dword_attiny85.o)
 .text          0x00000056        0x0 c:/winavr-20100110/bin/../lib/gcc/avr/4.3.3/../../../../avr/lib/avr25\libc.a(eewr_word_attiny85.o)
 .text          0x00000056        0x0 c:/winavr-20100110/bin/../lib/gcc/avr/4.3.3/../../../../avr/lib/avr25\libc.a(strrev.o)
 .text          0x00000056        0x0 c:/winavr-20100110/bin/../lib/gcc/avr/4.3.3/avr25\libgcc.a(_udivmodhi4.o)
                0x00000056                . = ALIGN (0x2)
 *(.text.*)
 .text.readVcc  0x00000056       0x34 ./battery.o
                0x00000056                readVcc
 .text.__vector_10
                0x0000008a       0x24 ./calibration.o
                0x0000008a                __vector_10
 .text.calibration
                0x000000ae       0x34 ./calibration.o
                0x000000ae                calibration
 .text.read_from_eeprom
                0x000000e2       0x1a ./eeprom_control.o
                0x000000e2                read_from_eeprom
 .text.write_to_eeprom
                0x000000fc       0xe6 ./eeprom_control.o
                0x000000fc                write_to_eeprom
 .text.init_eeprom_control
                0x000001e2       0xfe ./eeprom_control.o
                0x000001e2                init_eeprom_control
 .text.read_serial_eeprom
                0x000002e0        0x8 ./eeprom_control.o
                0x000002e0                read_serial_eeprom
 .text.dump_eeprom
                0x000002e8       0x4c ./eeprom_control.o
                0x000002e8                dump_eeprom
 .text.init_eeprom
                0x00000334       0x2c ./eeprom_control.o
                0x00000334                init_eeprom
 .text.ir_gate_detect
                0x00000360       0x1a ./ir_gate.o
                0x00000360                ir_gate_detect
 .text.__vector_12
                0x0000037a       0x24 ./main.o
                0x0000037a                __vector_12
 .text.main     0x0000039e      0x286 ./main.o
                0x0000039e                main
 .text.power_save
                0x00000624       0x30 ./power_control.o
                0x00000624                power_save
 .text.test_info_led
                0x00000654       0x1a ./tests.o
                0x00000654                test_info_led
 .text.test_pump
                0x0000066e       0x1a ./tests.o
                0x0000066e                test_pump
 .text.test_IR  0x00000688       0x16 ./tests.o
                0x00000688                test_IR
 .text.test_battery
                0x0000069e       0x10 ./tests.o
                0x0000069e                test_battery
 .text.test_EEPROM
                0x000006ae       0x18 ./tests.o
                0x000006ae                test_EEPROM
 .text.system_self_test
                0x000006c6       0x32 ./tests.o
                0x000006c6                system_self_test
 .text.timer_start
                0x000006f8        0xe ./timer.o
                0x000006f8                timer_start
 .text.usi_uart_send_byte
                0x00000706       0x62 ./usi_uart.o
                0x00000706                usi_uart_send_byte
 .text.usi_uart_send
                0x00000768       0x16 ./usi_uart.o
                0x00000768                usi_uart_send
 .text.usi_uart_done
                0x0000077e       0x10 ./usi_uart.o
                0x0000077e                usi_uart_done
 .text.__vector_14
                0x0000078e       0x44 ./usi_uart.o
                0x0000078e                __vector_14
 .text.usi_uart_send_u32
                0x000007d2       0x60 ./usi_uart.o
                0x000007d2                usi_uart_send_u32
 .text.libgcc   0x00000832       0x24 c:/winavr-20100110/bin/../lib/gcc/avr/4.3.3/avr25\libgcc.a(_mulhi3.o)
                0x00000832                __mulhi3
 .text.libgcc   0x00000856       0x36 c:/winavr-20100110/bin/../lib/gcc/avr/4.3.3/avr25\libgcc.a(_divmodsi4.o)
                0x00000856                __divmodsi4
 .text.libgcc   0x0000088c        0x0 c:/winavr-20100110/bin/../lib/gcc/avr/4.3.3/avr25\libgcc.a(_exit.o)
 .text.libgcc   0x0000088c        0x0 c:/winavr-20100110/bin/../lib/gcc/avr/4.3.3/avr25\libgcc.a(_copy_data.o)
 .text.libgcc   0x0000088c        0x0 c:/winavr-20100110/bin/../lib/gcc/avr/4.3.3/avr25\libgcc.a(_clear_bss.o)
 .text.libgcc   0x0000088c       0x44 c:/winavr-20100110/bin/../lib/gcc/avr/4.3.3/avr25\libgcc.a(_udivmodsi4.o)
                0x0000088c                __udivmodsi4
 .text.avr-libc
                0x000008d0       0x3e c:/winavr-20100110/bin/../lib/gcc/avr/4.3.3/../../../../avr/lib/avr25\libc.a(itoa.o)
                0x000008d0                itoa
 .text.avr-libc
                0x0000090e       0x20 c:/winavr-20100110/bin/../lib/gcc/avr/4.3.3/../../../../avr/lib/avr25\libc.a(eerd_block_attiny85.o)
                0x00000912                __eerd_blraw_tn85
                0x0000090e                __eerd_block_tn85
 .text.avr-libc
                0x0000092e       0x10 c:/winavr-20100110/bin/../lib/gcc/avr/4.3.3/../../../../avr/lib/avr25\libc.a(eerd_byte_attiny85.o)
                0x0000092e                __eerd_byte_tn85
 .text.avr-libc
                0x0000093e        0xa c:/winavr-20100110/bin/../lib/gcc/avr/4.3.3/../../../../avr/lib/avr25\libc.a(eerd_dword_attiny85.o)
                0x0000093e                __eerd_dword_tn85
                0x0000093e                __eerd_float_tn85
 .text.avr-libc
                0x00000948       0x12 c:/winavr-20100110/bin/../lib/gcc/avr/4.3.3/../../../../avr/lib/avr25\libc.a(eewr_block_attiny85.o)
                0x00000948                __eewr_block_tn85
 .text.avr-libc
                0x0000095a       0x1c c:/winavr-20100110/bin/../lib/gcc/avr/4.3.3/../../../../avr/lib/avr25\libc.a(eewr_byte_attiny85.o)
                0x0000095c                __eewr_r18_tn85
                0x0000095a                __eewr_byte_tn85
 .text.avr-libc
                0x00000976        0xa c:/winavr-20100110/bin/../lib/gcc/avr/4.3.3/../../../../avr/lib/avr25\libc.a(eewr_dword_attiny85.o)
                0x00000976                __eewr_dword_tn85
                0x00000976                __eewr_float_tn85
 .text.avr-libc
                0x00000980        0x6 c:/winavr-20100110/bin/../lib/gcc/avr/4.3.3/../../../../avr/lib/avr25\libc.a(eewr_word_attiny85.o)
                0x00000980                __eewr_word_tn85
 .text.avr-libc
                0x00000986       0x20 c:/winavr-20100110/bin/../lib/gcc/avr/4.3.3/../../../../avr/lib/avr25\libc.a(strrev.o)
                0x00000986                strrev
 .text.libgcc   0x000009a6       0x28 c:/winavr-20100110/bin/../lib/gcc/avr/4.3.3/avr25\libgcc.a(_udivmodhi4.o)
                0x000009a6                __udivmodhi4
                0x000009ce                . = ALIGN (0x2)
 *(.fini9)
 .fini9         0x000009ce        0x0 c:/winavr-20100110/bin/../lib/gcc/avr/4.3.3/avr25\libgcc.a(_exit.o)
                0x000009ce                exit
                0x000009ce                _exit
 *(.fini9)
 *(.fini8)
 *(.fini8)
 *(.fini7)
 *(.fini7)
 *(.fini6)
 *(.fini6)
 *(.fini5)
 *(.fini5)
 *(.fini4)
 *(.fini4)
 *(.fini3)
 *(.fini3)
 *(.fini2)
 *(.fini2)
 *(.fini1)
 *(.fini1)
 *(.fini0)
 .fini0         0x000009ce        0x4 c:/winavr-20100110/bin/../lib/gcc/avr/4.3.3/avr25\libgcc.a(_exit.o)
 *(.fini0)
                0x000009d2                _etext = .

.data           0x00800060       0xb8 load address 0x000009d2
                0x00800060                PROVIDE (__data_start, .)
 *(.data)
 .data          0x00800060        0x0 c:/winavr-20100110/bin/../lib/gcc/avr/4.3.3/../../../../avr/lib/avr25/crttn85.o
 .data          0x00800060        0x0 ./battery.o
 .data          0x00800060        0x0 ./calibration.o
 .data          0x00800060        0x0 ./eeprom_control.o
 .data          0x00800060        0x0 ./ir_gate.o
 .data          0x00800060       0xb8 ./main.o
 .data          0x00800118        0x0 ./power_control.o
 .data          0x00800118        0x0 ./tests.o
 .data          0x00800118        0x0 ./timer.o
 .data          0x00800118        0x0 ./usi_uart.o
 .data          0x00800118        0x0 c:/winavr-20100110/bin/../lib/gcc/avr/4.3.3/avr25\libgcc.a(_mulhi3.o)
 .data          0x00800118        0x0 c:/winavr-20100110/bin/../lib/gcc/avr/4.3.3/avr25\libgcc.a(_divmodsi4.o)
 .data          0x00800118        0x0 c:/winavr-20100110/bin/../lib/gcc/avr/4.3.3/avr25\libgcc.a(_exit.o)
 .data          0x00800118        0x0 c:/winavr-20100110/bin/../lib/gcc/avr/4.3.3/avr25\libgcc.a(_copy_data.o)
 .data          0x00800118        0x0 c:/winavr-20100110/bin/../lib/gcc/avr/4.3.3/avr25\libgcc.a(_clear_bss.o)
 .data          0x00800118        0x0 c:/winavr-20100110/bin/../lib/gcc/avr/4.3.3/avr25\libgcc.a(_udivmodsi4.o)
 .data          0x00800118        0x0 c:/winavr-20100110/bin/../lib/gcc/avr/4.3.3/../../../../avr/lib/avr25\libc.a(itoa.o)
 .data          0x00800118        0x0 c:/winavr-20100110/bin/../lib/gcc/avr/4.3.3/../../../../avr/lib/avr25\libc.a(eerd_block_attiny85.o)
 .data          0x00800118        0x0 c:/winavr-20100110/bin/../lib/gcc/avr/4.3.3/../../../../avr/lib/avr25\libc.a(eerd_byte_attiny85.o)
 .data          0x00800118        0x0 c:/winavr-20100110/bin/../lib/gcc/avr/4.3.3/../../../../avr/lib/avr25\libc.a(eerd_dword_attiny85.o)
 .data          0x00800118        0x0 c:/winavr-20100110/bin/../lib/gcc/avr/4.3.3/../../../../avr/lib/avr25\libc.a(eewr_block_attiny85.o)
 .data          0x00800118        0x0 c:/winavr-20100110/bin/../lib/gcc/avr/4.3.3/../../../../avr/lib/avr25\libc.a(eewr_byte_attiny85.o)
 .data          0x00800118        0x0 c:/winavr-20100110/bin/../lib/gcc/avr/4.3.3/../../../../avr/lib/avr25\libc.a(eewr_dword_attiny85.o)
 .data          0x00800118        0x0 c:/winavr-20100110/bin/../lib/gcc/avr/4.3.3/../../../../avr/lib/avr25\libc.a(eewr_word_attiny85.o)
 .data          0x00800118        0x0 c:/winavr-20100110/bin/../lib/gcc/avr/4.3.3/../../../../avr/lib/avr25\libc.a(strrev.o)
 .data          0x00800118        0x0 c:/winavr-20100110/bin/../lib/gcc/avr/4.3.3/avr25\libgcc.a(_udivmodhi4.o)
 *(.data*)
 *(.rodata)
 *(.rodata*)
 *(.gnu.linkonce.d*)
                0x00800118                . = ALIGN (0x2)
                0x00800118                _edata = .
                0x00800118                PROVIDE (__data_end, .)

.bss            0x00800118       0x31
                0x00800118                PROVIDE (__bss_start, .)
 *(.bss)
 .bss           0x00800118        0x0 c:/winavr-20100110/bin/../lib/gcc/avr/4.3.3/../../../../avr/lib/avr25/crttn85.o
 .bss           0x00800118        0x0 ./battery.o
 .bss           0x00800118        0x0 ./calibration.o
 .bss           0x00800118        0x0 ./eeprom_control.o
 .bss           0x00800118        0x0 ./ir_gate.o
 .bss           0x00800118        0x0 ./main.o
 .bss           0x00800118        0x0 ./power_control.o
 .bss           0x00800118        0x0 ./tests.o
 .bss           0x00800118        0x0 ./timer.o
 .bss           0x00800118        0x0 ./usi_uart.o
 .bss           0x00800118        0x0 c:/winavr-20100110/bin/../lib/gcc/avr/4.3.3/avr25\libgcc.a(_mulhi3.o)
 .bss           0x00800118        0x0 c:/winavr-20100110/bin/../lib/gcc/avr/4.3.3/avr25\libgcc.a(_divmodsi4.o)
 .bss           0x00800118        0x0 c:/winavr-20100110/bin/../lib/gcc/avr/4.3.3/avr25\libgcc.a(_exit.o)
 .bss           0x00800118        0x0 c:/winavr-20100110/bin/../lib/gcc/avr/4.3.3/avr25\libgcc.a(_copy_data.o)
 .bss           0x00800118        0x0 c:/winavr-20100110/bin/../lib/gcc/avr/4.3.3/avr25\libgcc.a(_clear_bss.o)
 .bss           0x00800118        0x0 c:/winavr-20100110/bin/../lib/gcc/avr/4.3.3/avr25\libgcc.a(_udivmodsi4.o)
 .bss           0x00800118        0x0 c:/winavr-20100110/bin/../lib/gcc/avr/4.3.3/../../../../avr/lib/avr25\libc.a(itoa.o)
 .bss           0x00800118        0x0 c:/winavr-20100110/bin/../lib/gcc/avr/4.3.3/../../../../avr/lib/avr25\libc.a(eerd_block_attiny85.o)
 .bss           0x00800118        0x0 c:/winavr-20100110/bin/../lib/gcc/avr/4.3.3/../../../../avr/lib/avr25\libc.a(eerd_byte_attiny85.o)
 .bss           0x00800118        0x0 c:/winavr-20100110/bin/../lib/gcc/avr/4.3.3/../../../../avr/lib/avr25\libc.a(eerd_dword_attiny85.o)
 .bss           0x00800118        0x0 c:/winavr-20100110/bin/../lib/gcc/avr/4.3.3/../../../../avr/lib/avr25\libc.a(eewr_block_attiny85.o)
 .bss           0x00800118        0x0 c:/winavr-20100110/bin/../lib/gcc/avr/4.3.3/../../../../avr/lib/avr25\libc.a(eewr_byte_attiny85.o)
 .bss           0x00800118        0x0 c:/winavr-20100110/bin/../lib/gcc/avr/4.3.3/../../../../avr/lib/avr25\libc.a(eewr_dword_attiny85.o)
 .bss           0x00800118        0x0 c:/winavr-20100110/bin/../lib/gcc/avr/4.3.3/../../../../avr/lib/avr25\libc.a(eewr_word_attiny85.o)
 .bss           0x00800118        0x0 c:/winavr-20100110/bin/../lib/gcc/avr/4.3.3/../../../../avr/lib/avr25\libc.a(strrev.o)
 .bss           0x00800118        0x0 c:/winavr-20100110/bin/../lib/gcc/avr/4.3.3/avr25\libgcc.a(_udivmodhi4.o)
 *(.bss*)
 .bss.usi_uart_send_state
                0x00800118        0x1 ./usi_uart.o
 .bss.usi_uart_tx_data
                0x00800119        0x1 ./usi_uart.o
 *(COMMON)
 COMMON         0x0080011a       0x1a ./eeprom_control.o
                0x0080011a                current_value
                0x00800122                last_sequence_no
                0x00800126                queue_tail
                0x00800128                data_block
 COMMON         0x00800134       0x15 ./main.o
                0x00800134                battery_check_cycles
                0x00800136                eeprom_store_cycles
                0x00800138                pump_wait_cycles
                0x0080013a                state
                0x0080013b                timer_wake
                0x0080013c                data
                0x00800144                pump_cycles
                0x00800146                battery
                0x00800148                battery_low
                0x00800149                PROVIDE (__bss_end, .)
                0x000009d2                __data_load_start = LOADADDR (.data)
                0x00000a8a                __data_load_end = (__data_load_start + SIZEOF (.data))

.noinit         0x00800149        0x0
                0x00800149                PROVIDE (__noinit_start, .)
 *(.noinit*)
                0x00800149                PROVIDE (__noinit_end, .)
                0x00800149                _end = .
                0x00800149                PROVIDE (__heap_start, .)

.eeprom         0x00810000        0x0
 *(.eeprom*)
                0x00810000                __eeprom_end = .

.fuse
 *(.fuse)
 *(.lfuse)
 *(.hfuse)
 *(.efuse)

.lock
 *(.lock*)

.signature
 *(.signature*)

.stab
 *(.stab)

.stabstr
 *(.stabstr)

.stab.excl
 *(.stab.excl)

.stab.exclstr
 *(.stab.exclstr)

.stab.index
 *(.stab.index)

.stab.indexstr
 *(.stab.indexstr)

.comment
 *(.comment)

.debug
 *(.debug)

.line
 *(.line)

.debug_srcinfo
 *(.debug_srcinfo)

.debug_sfnames
 *(.debug_sfnames)

.debug_aranges
 *(.debug_aranges)

.debug_pubnames
 *(.debug_pubnames)

.debug_info
 *(.debug_info)
 *(.gnu.linkonce.wi.*)

.debug_abbrev
 *(.debug_abbrev)

.debug_line
 *(.debug_line)

.debug_frame
 *(.debug_frame)

.debug_str
 *(.debug_str)

.debug_loc
 *(.debug_loc)

.debug_macinfo
 *(.debug_macinfo)
OUTPUT(attiny_proto.elf elf32-avr)
LOAD linker stubs
